::1 - - [22/Apr/2026 20:49:48] "GET / HTTP/1.1" 200 -
::1 - - [22/Apr/2026 20:49:51] "GET /assets/img/separator_3phase.png HTTP/1.1" 200 -
::1 - - [22/Apr/2026 20:49:51] "GET /assets/img/drilling_chemicals.png HTTP/1.1" 200 -
::1 - - [22/Apr/2026 20:49:51] "GET /assets/img/caustic_soda.png HTTP/1.1" 200 -
::1 - - [22/Apr/2026 20:49:51] "GET /assets/img/drill_bits.png HTTP/1.1" 200 -
::1 - - [22/Apr/2026 20:49:51] "GET /assets/img/bop_stack.png HTTP/1.1" 200 -
::1 - - [22/Apr/2026 20:49:51] "GET /assets/img/casing_pipe.png HTTP/1.1" 200 -
::1 - - [22/Apr/2026 20:49:51] "GET /assets/img/christmas_tree.png HTTP/1.1" 200 -
::1 - - [22/Apr/2026 20:49:51] "GET /assets/img/packers.png HTTP/1.1" 304 -
::1 - - [22/Apr/2026 20:49:51] "GET /assets/img/baryte.png HTTP/1.1" 304 -
::1 - - [22/Apr/2026 20:49:51] "GET /assets/img/bentonite.png HTTP/1.1" 304 -
::1 - - [22/Apr/2026 20:50:14] "GET / HTTP/1.1" 200 -
::1 - - [22/Apr/2026 20:56:01] "GET / HTTP/1.1" 200 -
::1 - - [22/Apr/2026 20:56:04] "GET /assets/img/separator_3phase.png HTTP/1.1" 304 -
::1 - - [22/Apr/2026 20:59:23] "GET / HTTP/1.1" 200 -
::1 - - [22/Apr/2026 20:59:24] "GET /assets/img/separator_3phase.png HTTP/1.1" 304 -
::1 - - [22/Apr/2026 21:02:43] "GET / HTTP/1.1" 200 -
::1 - - [22/Apr/2026 21:03:17] "GET /assets/img/separator_3phase.png HTTP/1.1" 304 -
::1 - - [22/Apr/2026 21:03:24] "GET / HTTP/1.1" 200 -
::1 - - [22/Apr/2026 21:06:40] "GET / HTTP/1.1" 200 -
::1 - - [22/Apr/2026 21:17:38] "GET / HTTP/1.1" 200 -
::1 - - [22/Apr/2026 21:19:07] "GET /assets/img/separator_3phase.png HTTP/1.1" 304 -
::1 - - [22/Apr/2026 21:38:17] "GET / HTTP/1.1" 200 -
::1 - - [22/Apr/2026 21:38:24] "GET / HTTP/1.1" 200 -
::1 - - [22/Apr/2026 21:39:35] "GET / HTTP/1.1" 200 -
::1 - - [22/Apr/2026 21:41:16] "GET / HTTP/1.1" 200 -
::1 - - [22/Apr/2026 21:41:16] "GET /assets/img/separator_3phase.png HTTP/1.1" 304 -
::1 - - [22/Apr/2026 21:52:16] "GET / HTTP/1.1" 200 -
::1 - - [22/Apr/2026 22:08:55] "GET / HTTP/1.1" 200 -
::1 - - [22/Apr/2026 22:09:01] "GET /assets/img/separator_3phase.png HTTP/1.1" 304 -
::1 - - [22/Apr/2026 22:15:54] "GET / HTTP/1.1" 200 -
::1 - - [22/Apr/2026 22:19:02] "GET / HTTP/1.1" 200 -
::1 - - [22/Apr/2026 22:19:03] "GET /assets/img/separator_3phase.png HTTP/1.1" 304 -
::1 - - [22/Apr/2026 22:58:51] "GET / HTTP/1.1" 200 -
::1 - - [22/Apr/2026 22:58:54] "GET /assets/img/separator_3phase.png HTTP/1.1" 304 -
::1 - - [22/Apr/2026 23:01:33] "GET / HTTP/1.1" 200 -
::1 - - [22/Apr/2026 23:04:21] "GET / HTTP/1.1" 200 -
::1 - - [22/Apr/2026 23:08:39] "GET / HTTP/1.1" 200 -
::1 - - [22/Apr/2026 23:14:14] "GET / HTTP/1.1" 200 -
::1 - - [22/Apr/2026 23:14:16] "GET /assets/img/separator_3phase.png HTTP/1.1" 304 -
::1 - - [22/Apr/2026 23:14:27] "GET / HTTP/1.1" 200 -
::1 - - [22/Apr/2026 23:17:20] "GET / HTTP/1.1" 200 -
::1 - - [22/Apr/2026 23:55:30] "GET / HTTP/1.1" 200 -
::1 - - [22/Apr/2026 23:55:33] "GET /assets/img/separator_3phase.png HTTP/1.1" 304 -
::1 - - [22/Apr/2026 23:55:43] "GET / HTTP/1.1" 200 -
::1 - - [22/Apr/2026 23:56:03] "GET / HTTP/1.1" 200 -
::1 - - [23/Apr/2026 00:01:18] "GET / HTTP/1.1" 200 -
::1 - - [23/Apr/2026 00:14:38] "GET / HTTP/1.1" 200 -
::1 - - [23/Apr/2026 07:11:13] "GET / HTTP/1.1" 200 -
::1 - - [23/Apr/2026 07:11:13] "GET /assets/img/drill_bits.png HTTP/1.1" 304 -
::1 - - [23/Apr/2026 07:11:13] "GET /assets/img/packers.png HTTP/1.1" 304 -
::1 - - [23/Apr/2026 07:11:13] "GET /assets/img/drilling_chemicals.png HTTP/1.1" 304 -
::1 - - [23/Apr/2026 07:11:13] "GET /assets/img/baryte.png HTTP/1.1" 304 -
::1 - - [23/Apr/2026 07:11:30] "GET /assets/img/bentonite.png HTTP/1.1" 304 -
::1 - - [23/Apr/2026 07:11:30] "GET /assets/img/christmas_tree.png HTTP/1.1" 304 -
::1 - - [23/Apr/2026 07:11:30] "GET /assets/img/bop_stack.png HTTP/1.1" 304 -
::1 - - [23/Apr/2026 07:11:30] "GET /assets/img/casing_pipe.png HTTP/1.1" 304 -
::1 - - [23/Apr/2026 07:11:30] "GET /assets/img/separator_3phase.png HTTP/1.1" 304 -
::1 - - [23/Apr/2026 07:11:30] "GET /assets/img/caustic_soda.png HTTP/1.1" 304 -
::1 - - [23/Apr/2026 07:24:21] "GET / HTTP/1.1" 200 -
::1 - - [23/Apr/2026 07:46:10] "GET / HTTP/1.1" 200 -
::1 - - [23/Apr/2026 07:59:46] "GET / HTTP/1.1" 200 -
::1 - - [23/Apr/2026 07:59:48] "GET /assets/img/valve_6a.png HTTP/1.1" 200 -
::1 - - [23/Apr/2026 07:59:48] "GET /assets/img/drillpipe_5dp.png HTTP/1.1" 200 -
::1 - - [23/Apr/2026 07:59:48] "GET /assets/img/bop_seals.png HTTP/1.1" 200 -
::1 - - [23/Apr/2026 07:59:48] "GET /assets/img/casing_5ct.png HTTP/1.1" 200 -
::1 - - [23/Apr/2026 07:59:48] "GET /assets/img/cement_g.png HTTP/1.1" 200 -
::1 - - [23/Apr/2026 08:14:31] "GET /assets/img/valve_6a.png HTTP/1.1" 304 -
::1 - - [23/Apr/2026 08:19:38] "GET / HTTP/1.1" 200 -
::1 - - [23/Apr/2026 09:03:52] "GET /assets/img/valve_6a.png HTTP/1.1" 304 -
::1 - - [23/Apr/2026 09:03:52] "GET /assets/img/cement_g.png HTTP/1.1" 304 -
::1 - - [23/Apr/2026 09:03:52] "GET /assets/img/casing_5ct.png HTTP/1.1" 304 -
::1 - - [23/Apr/2026 09:03:52] "GET /assets/img/drillpipe_5dp.png HTTP/1.1" 304 -
::1 - - [23/Apr/2026 09:03:52] "GET /assets/img/separator_3phase.png HTTP/1.1" 304 -
::1 - - [23/Apr/2026 09:03:52] "GET /assets/img/bop_seals.png HTTP/1.1" 304 -
